I'm sorry, but errors were detected in your script. Please correct the
errors listed below, and try again.


The label ch1_d1_dream is defined twice, at File "game/scripts/story/main_story/volume_1/chapter_1/ch1_d1_dream.rpyc", line 1:

and File "game/scripts/story/main_story/volume_1/chapter_1/dreams/ch1_d1_dream.rpy", line 1:
label ch1_d1_dream:


Ren'Py Version: Ren'Py 8.2.1.24030407
Sun Apr 21 00:53:11 2024
